> Task :app:preBuild UP-TO-DATE
> Task :app:preDebugBuild UP-TO-DATE
> Task :app:mergeDebugNativeDebugMetadata NO-SOURCE
> Task :app:checkKotlinGradlePluginConfigurationErrors SKIPPED
> Task :app:generateDebugBuildConfig UP-TO-DATE
> Task :app:checkDebugAarMetadata UP-TO-DATE
> Task :app:generateDebugResValues UP-TO-DATE
> Task :app:mapDebugSourceSetPaths UP-TO-DATE
> Task :app:generateDebugResources UP-TO-DATE
> Task :app:mergeDebugResources UP-TO-DATE
> Task :app:packageDebugResources UP-TO-DATE
> Task :app:parseDebugLocalResources UP-TO-DATE
> Task :app:createDebugCompatibleScreenManifests UP-TO-DATE
> Task :app:extractDeepLinksDebug UP-TO-DATE
> Task :app:processDebugMainManifest UP-TO-DATE
> Task :app:processDebugManifest UP-TO-DATE
> Task :app:processDebugManifestForPackage UP-TO-DATE
> Task :app:processDebugResources UP-TO-DATE
> Task :app:javaPreCompileDebug UP-TO-DATE
> Task :app:mergeDebugShaders UP-TO-DATE
> Task :app:compileDebugShaders NO-SOURCE
> Task :app:generateDebugAssets UP-TO-DATE
> Task :app:mergeDebugAssets UP-TO-DATE
> Task :app:compressDebugAssets UP-TO-DATE
> Task :app:checkDebugDuplicateClasses UP-TO-DATE
> Task :app:desugarDebugFileDependencies UP-TO-DATE
> Task :app:mergeExtDexDebug UP-TO-DATE
> Task :app:mergeLibDexDebug UP-TO-DATE
> Task :app:mergeDebugJniLibFolders UP-TO-DATE
> Task :app:mergeDebugNativeLibs UP-TO-DATE
> Task :app:stripDebugDebugSymbols UP-TO-DATE
> Task :app:validateSigningDebug UP-TO-DATE
> Task :app:writeDebugAppMetadata UP-TO-DATE
> Task :app:writeDebugSigningConfigVersions UP-TO-DATE
> Task :app:kspDebugKotlin
e: [ksp] ModuleProcessingStep was unable to process 'com.tillzo.pos.di.DatabaseModule' because 'error.NonExistentClass' could not be resolved.

Dependency trace:
    => element (OBJECT): com.tillzo.pos.di.DatabaseModule
    => element (METHOD): provideSaleDao(com.tillzo.pos.data.local.AppDatabase)
    => type (ERROR return type): error.NonExistentClass

If type 'error.NonExistentClass' is a generated type, check above for compilation errors that may have prevented the type from being generated. Otherwise, ensure that type 'error.NonExistentClass' is on your classpath.
e: [ksp] BindingMethodProcessingStep was unable to process 'provideAppDatabase(android.content.Context)' because 'error.NonExistentClass' could not be resolved.

Dependency trace:
    => element (OBJECT): com.tillzo.pos.di.DatabaseModule
    => element (METHOD): provideSaleDao(com.tillzo.pos.data.local.AppDatabase)
    => type (ERROR return type): error.NonExistentClass

If type 'error.NonExistentClass' is a generated type, check above for compilation errors that may have prevented the type from being generated. Otherwise, ensure that type 'error.NonExistentClass' is on your classpath.
e: [ksp] BindingMethodProcessingStep was unable to process 'provideSyncLogDao(com.tillzo.pos.data.local.AppDatabase)' because 'error.NonExistentClass' could not be resolved.

Dependency trace:
    => element (OBJECT): com.tillzo.pos.di.DatabaseModule
    => element (METHOD): provideSaleDao(com.tillzo.pos.data.local.AppDatabase)
    => type (ERROR return type): error.NonExistentClass

If type 'error.NonExistentClass' is a generated type, check above for compilation errors that may have prevented the type from being generated. Otherwise, ensure that type 'error.NonExistentClass' is on your classpath.
e: [ksp] BindingMethodProcessingStep was unable to process 'provideUserDao(com.tillzo.pos.data.local.AppDatabase)' because 'error.NonExistentClass' could not be resolved.

Dependency trace:
    => element (OBJECT): com.tillzo.pos.di.DatabaseModule
    => element (METHOD): provideSaleDao(com.tillzo.pos.data.local.AppDatabase)
    => type (ERROR return type): error.NonExistentClass

If type 'error.NonExistentClass' is a generated type, check above for compilation errors that may have prevented the type from being generated. Otherwise, ensure that type 'error.NonExistentClass' is on your classpath.
e: [ksp] BindingMethodProcessingStep was unable to process 'provideSaleDao(com.tillzo.pos.data.local.AppDatabase)' because 'error.NonExistentClass' could not be resolved.

Dependency trace:
    => element (OBJECT): com.tillzo.pos.di.DatabaseModule
    => element (METHOD): provideSaleDao(com.tillzo.pos.data.local.AppDatabase)
    => type (ERROR return type): error.NonExistentClass

If type 'error.NonExistentClass' is a generated type, check above for compilation errors that may have prevented the type from being generated. Otherwise, ensure that type 'error.NonExistentClass' is on your classpath.
e: Error occurred in KSP, check log for detail

> Task :app:kspDebugKotlin FAILED

[Incubating] Problems report is available at: file:///C:/Users/Faii/Desktop/Tillzo/build/reports/problems/problems-report.html

FAILURE: Build failed with an exception.

* What went wrong:
Execution failed for task ':app:kspDebugKotlin'.
> A failure occurred while executing org.jetbrains.kotlin.compilerRunner.GradleCompilerRunnerWithWorkers$GradleKotlinCompilerWorkAction
   > Compilation error. See log for more details

* Try:
> Run with --stacktrace option to get the stack trace.
> Run with --info or --debug option to get more log output.
> Run with --scan to generate a Build Scan (powered by Develocity).
> Get more help at https://help.gradle.org.

Deprecated Gradle features were used in this build, making it incompatible with Gradle 10.

You can use '--warning-mode all' to show the individual deprecation warnings and determine if they come from your own scripts or plugins.

For more on this, please refer to https://docs.gradle.org/9.2.1/userguide/command_line_interface.html#sec:command_line_warnings in the Gradle documentation.

BUILD FAILED in 1m 14s
29 actionable tasks: 1 executed, 28 up-to-date
