#
# There is insufficient memory for the Java Runtime Environment to continue.
# Native memory allocation (mmap) failed to map 8388608 bytes. Error detail: G1 virtual space
# Possible reasons:
#   The system is out of physical RAM or swap space
#   This process is running with CompressedOops enabled, and the Java Heap may be blocking the growth of the native heap
# Possible solutions:
#   Reduce memory load on the system
#   Increase physical memory or swap space
#   Check if swap backing store is full
#   Decrease Java heap size (-Xmx/-Xms)
#   Decrease number of Java threads
#   Decrease Java thread stack sizes (-Xss)
#   Set larger code cache with -XX:ReservedCodeCacheSize=
#   JVM is running with Zero Based Compressed Oops mode in which the Java heap is
#     placed in the first 32GB address space. The Java Heap base address is the
#     maximum limit for the native heap growth. Please use -XX:HeapBaseMinAddress
#     to set the Java Heap base and to place the Java Heap above 32GB virtual address.
# This output file may be truncated or incomplete.
#
#  Out of Memory Error (os_windows.cpp:3564), pid=5168, tid=10440
#
# JRE version:  (24.0.2+12) (build )
# Java VM: OpenJDK 64-Bit Server VM (24.0.2+12, mixed mode, sharing, tiered, compressed oops, compressed class ptrs, g1 gc, windows-amd64)
# No core dump will be written. Minidumps are not enabled by default on client versions of Windows
#

---------------  S U M M A R Y ------------

Command Line: -Dapplication.home=C:\Users\Faii\.jdks\temurin-24.0.2 --add-modules=ALL-DEFAULT -Xms8m -Djdk.module.main=jdk.jlink jdk.jlink/jdk.tools.jlink.internal.Main --version

Host: 13th Gen Intel(R) Core(TM) i7-1355U, 4 cores, 8G,  Windows 10 , 64 bit Build 19041 (10.0.19041.5915)
Time: Wed Mar  4 13:27:28 2026 Arabian Standard Time elapsed time: 5.031068 seconds (0d 0h 0m 5s)

---------------  T H R E A D  ---------------

Current thread (0x000001f765be7d20):  JavaThread "Unknown thread" [_thread_in_vm, id=10440, stack(0x0000009c35c00000,0x0000009c35d00000) (1024K)]

Stack: [0x0000009c35c00000,0x0000009c35d00000]
Native frames: (J=compiled Java code, j=interpreted, Vv=VM code, C=native code)
V  [jvm.dll+0x7341e9]  (no source info available)
V  [jvm.dll+0x96c0d3]  (no source info available)
V  [jvm.dll+0x96e5bd]  (no source info available)
V  [jvm.dll+0x96ec33]  (no source info available)
V  [jvm.dll+0x2ac166]  (no source info available)
V  [jvm.dll+0x730705]  (no source info available)
V  [jvm.dll+0x7241aa]  (no source info available)
V  [jvm.dll+0x39333a]  (no source info available)
V  [jvm.dll+0x39b086]  (no source info available)
V  [jvm.dll+0x38791e]  (no source info available)
V  [jvm.dll+0x387bd8]  (no source info available)
V  [jvm.dll+0x35f8bc]  (no source info available)
V  [jvm.dll+0x36057d]  (no source info available)
V  [jvm.dll+0x92f88f]  (no source info available)
V  [jvm.dll+0x3fba0d]  (no source info available)
V  [jvm.dll+0x917c66]  (no source info available)
V  [jvm.dll+0x4968ae]  (no source info available)
V  [jvm.dll+0x4987b1]  (no source info available)
C  [jli.dll+0x5276]  (no source info available)
C  [ucrtbase.dll+0x21bb2]  (no source info available)
C  [KERNEL32.DLL+0x17374]  (no source info available)
C  [ntdll.dll+0x4cc91]  (no source info available)

Lock stack of current Java thread (top to bottom):


---------------  P R O C E S S  ---------------

Threads class SMR info:
_java_thread_list=0x00007fffbe96af58, length=0, elements={
}

Java Threads: ( => current thread )
Total: 0

Other Threads:
  0x000001f767dcd830 WorkerThread "GC Thread#0"                     [id=5164, stack(0x0000009c35d00000,0x0000009c35e00000) (1024K)]
  0x000001f767dd8890 ConcurrentGCThread "G1 Main Marker"            [id=10820, stack(0x0000009c35e00000,0x0000009c35f00000) (1024K)]
  0x000001f767dd9520 WorkerThread "G1 Conc#0"                       [id=7500, stack(0x0000009c35f00000,0x0000009c36000000) (1024K)]

[error occurred during error reporting (printing all threads), id 0xc0000005, EXCEPTION_ACCESS_VIOLATION (0xc0000005) at pc=0x00007fffbdfe3bfa]
VM state: not at safepoint (not fully initialized)

VM Mutex/Monitor currently owned by a thread:  ([mutex/lock_event])
[0x00007fffbe9f4170] Heap_lock - owner thread: 0x000001f765be7d20

Heap address: 0x000000077fe00000, size: 2050 MB, Compressed Oops mode: Zero based, Oop shift amount: 3

CDS archive(s) mapped at: [0x0000000000000000-0x0000000000000000-0x0000000000000000), size 0, SharedBaseAddress: 0x0000000800000000, ArchiveRelocationMode: 1.
UseCompressedClassPointers 1, UseCompactObjectHeaders 0
Narrow klass pointer bits 32, Max shift 3
Narrow klass base: 0xffffffffffffffff, Narrow klass shift: -1
Encoding Range: [0xffffffffffffffff - 0x000000007fffffff), (2147483648 bytes)
Klass Range:    [0x0000000000000000 - 0x0000000000000000), (0 bytes)
Klass ID Range:  [4294967295 - 0) (1)

GC Precious Log:
 CardTable entry size: 512
 Card Set container configuration: InlinePtr #cards 4 size 8 Array Of Cards #cards 16 size 48 Howl #buckets 8 coarsen threshold 3686 Howl Bitmap #cards 512 size 80 coarsen threshold 460 Card regions per heap region 1 cards per card region 4096

Heap:
 garbage-first heap   total reserved 2099200K, committed 0K, used 0K [0x000000077fe00000, 0x0000000800000000)
  region size 2048K, 0 young (0K), 0 survivors (0K)

[error occurred during error reporting (printing heap information), id 0xc0000005, EXCEPTION_ACCESS_VIOLATION (0xc0000005) at pc=0x00007fffbe402a69]
GC Heap History (0 events):
No events

Dll operation events (1 events):
Event: 0.843 Loaded shared library C:\Users\Faii\.jdks\temurin-24.0.2\bin\java.dll

Deoptimization events (0 events):
No events

Classes loaded (0 events):
No events

Classes unloaded (0 events):
No events

Classes redefined (0 events):
No events

Internal exceptions (0 events):
No events

VM Operations (0 events):
No events

Memory protections (0 events):
No events

Nmethod flushes (0 events):
No events

Events (0 events):
No events


Dynamic libraries:
0x00007ff6ee5f0000 - 0x00007ff6ee5f8000 	C:\Users\Faii\.jdks\temurin-24.0.2\bin\jlink.exe
0x00007ffff5a10000 - 0x00007ffff5c08000 	C:\Windows\SYSTEM32\ntdll.dll
0x00007ffff3bd0000 - 0x00007ffff3c92000 	C:\Windows\System32\KERNEL32.DLL
0x00007ffff33d0000 - 0x00007ffff36c6000 	C:\Windows\System32\KERNELBASE.dll
0x00007ffff3760000 - 0x00007ffff3860000 	C:\Windows\System32\ucrtbase.dll
0x00007fffd78a0000 - 0x00007fffd78be000 	C:\Users\Faii\.jdks\temurin-24.0.2\bin\VCRUNTIME140.dll
0x00007fffd9140000 - 0x00007fffd9156000 	C:\Users\Faii\.jdks\temurin-24.0.2\bin\jli.dll
0x00007ffff42d0000 - 0x00007ffff4471000 	C:\Windows\System32\USER32.dll
0x00007ffff30a0000 - 0x00007ffff30c2000 	C:\Windows\System32\win32u.dll
0x00007ffff3a30000 - 0x00007ffff3a5b000 	C:\Windows\System32\GDI32.dll
0x00007ffff3860000 - 0x00007ffff3979000 	C:\Windows\System32\gdi32full.dll
0x00007ffff3180000 - 0x00007ffff321d000 	C:\Windows\System32\msvcp_win.dll
0x00007fffdc510000 - 0x00007fffdc7ab000 	C:\Windows\WinSxS\amd64_microsoft.windows.common-controls_6595b64144ccf1df_6.0.19041.6456_none_60b8a6cb71f64256\COMCTL32.dll
0x00007ffff3b30000 - 0x00007ffff3bce000 	C:\Windows\System32\msvcrt.dll
0x00007ffff4200000 - 0x00007ffff422f000 	C:\Windows\System32\IMM32.DLL
0x00007fffeea80000 - 0x00007fffeea8c000 	C:\Users\Faii\.jdks\temurin-24.0.2\bin\vcruntime140_1.dll
0x00007fffcf5d0000 - 0x00007fffcf65d000 	C:\Users\Faii\.jdks\temurin-24.0.2\bin\msvcp140.dll
0x00007fffbdc70000 - 0x00007fffbeadc000 	C:\Users\Faii\.jdks\temurin-24.0.2\bin\server\jvm.dll
0x00007ffff44e0000 - 0x00007ffff4591000 	C:\Windows\System32\ADVAPI32.dll
0x00007ffff4230000 - 0x00007ffff42cf000 	C:\Windows\System32\sechost.dll
0x00007ffff5220000 - 0x00007ffff5340000 	C:\Windows\System32\RPCRT4.dll
0x00007ffff30d0000 - 0x00007ffff30f7000 	C:\Windows\System32\bcrypt.dll
0x00007ffff4080000 - 0x00007ffff40eb000 	C:\Windows\System32\WS2_32.dll
0x00007ffff2f00000 - 0x00007ffff2f4b000 	C:\Windows\SYSTEM32\POWRPROF.dll
0x00007fffeafb0000 - 0x00007fffeafd7000 	C:\Windows\SYSTEM32\WINMM.dll
0x00007fffeafa0000 - 0x00007fffeafaa000 	C:\Windows\SYSTEM32\VERSION.dll
0x00007ffff2ee0000 - 0x00007ffff2ef2000 	C:\Windows\SYSTEM32\UMPDC.dll
0x00007ffff0f30000 - 0x00007ffff0f42000 	C:\Windows\SYSTEM32\kernel.appcore.dll
0x00007fffd9680000 - 0x00007fffd968a000 	C:\Users\Faii\.jdks\temurin-24.0.2\bin\jimage.dll
0x00007fffe6480000 - 0x00007fffe6681000 	C:\Windows\SYSTEM32\DBGHELP.DLL
0x00007fffe6420000 - 0x00007fffe6454000 	C:\Windows\SYSTEM32\dbgcore.DLL
0x00007ffff36d0000 - 0x00007ffff3752000 	C:\Windows\System32\bcryptPrimitives.dll
0x00007fffd7180000 - 0x00007fffd719e000 	C:\Users\Faii\.jdks\temurin-24.0.2\bin\java.dll
0x00007ffff3dc0000 - 0x00007ffff3eeb000 	C:\Windows\System32\ole32.dll
0x00007ffff5600000 - 0x00007ffff5954000 	C:\Windows\System32\combase.dll
0x00007ffff4630000 - 0x00007ffff4da0000 	C:\Windows\System32\SHELL32.dll

JVMTI agents: none

dbghelp: loaded successfully - version: 4.0.5 - missing functions: none
symbol engine: initialized successfully - sym options: 0x614 - pdb path: .;C:\Users\Faii\.jdks\temurin-24.0.2\bin;C:\Windows\SYSTEM32;C:\Windows\WinSxS\amd64_microsoft.windows.common-controls_6595b64144ccf1df_6.0.19041.6456_none_60b8a6cb71f64256;C:\Users\Faii\.jdks\temurin-24.0.2\bin\server

VM Arguments:
jvm_args: -Dapplication.home=C:\Users\Faii\.jdks\temurin-24.0.2 --add-modules=ALL-DEFAULT -Xms8m -Djdk.module.main=jdk.jlink 
java_command: jdk.jlink/jdk.tools.jlink.internal.Main --version
java_class_path (initial): <not set>
Launcher Type: SUN_STANDARD

[Global flags]
     intx CICompilerCount                          = 3                                         {product} {ergonomic}
     uint ConcGCThreads                            = 1                                         {product} {ergonomic}
     uint G1ConcRefinementThreads                  = 4                                         {product} {ergonomic}
   size_t G1HeapRegionSize                         = 2097152                                   {product} {ergonomic}
   size_t InitialHeapSize                          = 8388608                                   {product} {command line}
   size_t MarkStackSize                            = 4194304                                   {product} {ergonomic}
   size_t MarkStackSizeMax                         = 536870912                                 {product} {ergonomic}
   size_t MaxHeapSize                              = 2149580800                                {product} {ergonomic}
   size_t MinHeapDeltaBytes                        = 2097152                                   {product} {ergonomic}
   size_t MinHeapSize                              = 8388608                                   {product} {command line}
    uintx NonNMethodCodeHeapSize                   = 5832704                                {pd product} {ergonomic}
    uintx NonProfiledCodeHeapSize                  = 122945536                              {pd product} {ergonomic}
    uintx ProfiledCodeHeapSize                     = 122880000                              {pd product} {ergonomic}
    uintx ReservedCodeCacheSize                    = 251658240                              {pd product} {ergonomic}
     bool SegmentedCodeCache                       = true                                      {product} {ergonomic}
   size_t SoftMaxHeapSize                          = 2149580800                             {manageable} {ergonomic}
     bool UseCompressedOops                        = true                           {product lp64_product} {ergonomic}
     bool UseG1GC                                  = true                                      {product} {ergonomic}
     bool UseLargePagesIndividualAllocation        = false                                  {pd product} {ergonomic}

Logging:
Log output configuration:
 #0: stdout all=warning uptime,level,tags foldmultilines=false
 #1: stderr all=off uptime,level,tags foldmultilines=false

Environment Variables:
PATH=C:\Program Files (x86)\Common Files\Oracle\Java\java8path;C:\Program Files (x86)\Common Files\Oracle\Java\javapath;C:\Windows\system32;C:\Windows;C:\Windows\System32\Wbem;C:\Windows\System32\WindowsPowerShell\v1.0\;C:\Windows\System32\OpenSSH\;C:\Program Files\nvm;C:\Program Files\nodejs;C:\Users\Faii\AppData\Local\nvm\v22.22.0;C:\Users\Faii\AppData\Local\Microsoft\WindowsApps;C:\Users\Faii\AppData\Local\nvm;C:\Users\Faii\AppData\Local\nodejs;C:\Program Files\Git\cmd
USERNAME=Faii
LANG=en_US.UTF-8
OS=Windows_NT
PROCESSOR_IDENTIFIER=Intel64 Family 6 Model 186 Stepping 3, GenuineIntel
TMP=C:\Users\Faii\AppData\Local\Temp
TEMP=C:\Users\Faii\AppData\Local\Temp




Periodic native trim disabled

---------------  S Y S T E M  ---------------

OS:
 Windows 10 , 64 bit Build 19041 (10.0.19041.5915)
OS uptime: 0 days 15:32 hours
VMWare virtualization detected

CPU: total 4 (initial active 4) (4 cores per cpu, 1 threads per core) family 6 model 186 stepping 3 microcode 0xffffffff, cx8, cmov, fxsr, mmx, 3dnowpref, sse, sse2, sse3, ssse3, sse4.1, sse4.2, popcnt, lzcnt, tsc, tscinvbit, avx, avx2, aes, erms, clmul, bmi1, bmi2, adx, sha, fma, vzeroupper, clflush, clflushopt, clwb, hv, serialize, rdtscp, rdpid, fsrm, gfni, f16c
Processor Information for the first 4 processors :
  Max Mhz: 2611, Current Mhz: 2611, Mhz Limit: 2611

Memory: 4k page, system-wide physical 8199M (65M free)
TotalPageFile size 18355M (AvailPageFile size 10M)
current process WorkingSet (physical memory assigned to process): 11M, peak: 11M
current process commit charge ("private bytes"): 52M, peak: 59M

vm_info: OpenJDK 64-Bit Server VM (24.0.2+12) for windows-amd64 JRE (24.0.2+12), built on 2025-07-15T00:00:00Z with MS VC++ 17.7 (VS2022)

END.
